<html>
<body>
<pre>
<h1>µVision Build Log</h1>
<h2>Project:</h2>
C:\Keil\EE319KwareSpring2016\InputOutput_4C123\InputOutput.uvproj
Project File Date:  05/24/2014

<h2>Output:</h2>
Rebuild target 'InputOutput'
assembling startup.s...
compiling InputOutput.c...
linking...
Program Size: Code=1120 RO-data=16 RW-data=0 ZI-data=1120  
".\InputOutput.axf" - 0 Errors, 0 Warning(s).
Load "C:\\Keil\\EE319KwareSpring2016\\InputOutput_4C123\\InputOutput.axf" 
Connecting: Mode=JTAG, Speed=1000000Hz
Erase Done.
Programming Done.
Verify OK.
Rebuild target 'InputOutput'
assembling startup.s...
compiling InputOutput.c...
linking...
Program Size: Code=2336 RO-data=272 RW-data=48 ZI-data=1176  
".\InputOutput.axf" - 0 Errors, 0 Warning(s).
Load "C:\\Keil\\EE319KwareSpring2016\\InputOutput_4C123\\InputOutput.axf" 
Connecting: Mode=JTAG, Speed=1000000Hz
Erase Done.
Programming Done.
Verify OK.
